// Jest Snapshot v1, https://goo.gl/fbAQLP

exports[`App should render App 1`] = `
<BrowserRouter>
  <Connect(NavbarComponent) />
  <Switch>
    <Route
      component={[Function]}
      exact={true}
      path="/"
    />
    <Route
      component={[Function]}
      exact={true}
      path="/login"
    />
    <Route
      component={[Function]}
      exact={true}
      path="/products"
    />
    <Route
      component={[Function]}
      exact={true}
      path="/cart"
    />
    <Route
      component={[Function]}
      exact={true}
      path="/records"
    />
    <Route
      component={[Function]}
      exact={true}
      path="/admin"
    />
    <Route
      component={[Function]}
      exact={true}
      path="/addproduct"
    />
    <Route
      component={[Function]}
      exact={true}
      path="/createAttendant"
    />
  </Switch>
</BrowserRouter>
`;
