// Jest Snapshot v1, https://goo.gl/fbAQLP

exports[`HomePage Component should render the footer Page 1`] = `
<div>
  <footer
    id="sec"
  >
    <p>
      Store Manager copyright &copy 2019 
    </p>
  </footer>
</div>
`;
