// Jest Snapshot v1, https://goo.gl/fbAQLP

exports[`HomePage Component should render the Landing Page 1`] = `
<Fragment>
  <Main />
  <Footer />
</Fragment>
`;
