// Jest Snapshot v1, https://goo.gl/fbAQLP

exports[`ADMIN TEST SUITE Admin Component should render the Admin Page 1`] = `
<div>
  <nav>
    <div
      className="logo"
    >
      <h4>
        Store Manager
      </h4>
    </div>
    <ul
      className="nav-links"
    >
      <li>
        <Link
          replace={false}
          to="/"
        >
          Home
        </Link>
      </li>
      <li>
        <Link
          replace={false}
          to="/createAttendant"
        >
          Create Attendant
        </Link>
      </li>
      <li>
        <img
          alt="adminlogo"
          id="adminlogo"
          src={Object {}}
        />
      </li>
    </ul>
    <div
      className="burger"
    >
      <div
        className="line1"
      />
      <div
        className="line2"
      />
      <div
        className="line3"
      />
    </div>
  </nav>
  <div
    className="adminbox"
  >
    <Link
      replace={false}
      to="/addproduct"
    >
      <button
        className="addproduct"
        id="butt"
      >
        +Add Product
      </button>
    </Link>
    <div
      style={
        Object {
          "overflowX": "auto",
        }
      }
    >
      <h3>
        loading product please wait...
      </h3>
    </div>
  </div>
</div>
`;

exports[`ADMIN TEST SUITE Admin Component should render the Admin container 1`] = `
<ContextConsumer>
  <Component />
</ContextConsumer>
`;
